[  0%] Built target std_msgs_generate_messages_nodejs
[  0%] Built target std_msgs_generate_messages_py
[  0%] Built target _spencer_control_msgs_generate_messages_check_deps_ComponentStatus
[  0%] Built target std_msgs_generate_messages_cpp
[  0%] Built target std_msgs_generate_messages_lisp
[  0%] Built target std_msgs_generate_messages_eus
[  0%] Built target _spencer_human_attribute_msgs_generate_messages_check_deps_CategoricalAttribute
[  0%] Built target _spencer_human_attribute_msgs_generate_messages_check_deps_HumanAttributes
[  0%] Built target _spencer_human_attribute_msgs_generate_messages_check_deps_ScalarAttribute
[  0%] Built target _spencer_tracking_msgs_generate_messages_check_deps_TrackingTimingMetrics
[  0%] Built target _spencer_tracking_msgs_generate_messages_check_deps_TrackedPersons
[  0%] Built target _spencer_tracking_msgs_generate_messages_check_deps_TrackedPerson
[  0%] Built target _spencer_tracking_msgs_generate_messages_check_deps_DetectedPersons
[  0%] Built target _spencer_tracking_msgs_generate_messages_check_deps_CompositeDetectedPerson
[  0%] Built target _spencer_tracking_msgs_generate_messages_check_deps_TrackedPerson2d
[  0%] Built target _spencer_tracking_msgs_generate_messages_check_deps_DetectedPerson
[  0%] Built target geometry_msgs_generate_messages_py
[  0%] Built target _spencer_tracking_msgs_generate_messages_check_deps_CompositeDetectedPersons
[  0%] Built target _spencer_tracking_msgs_generate_messages_check_deps_TrackedGroup
[  0%] Built target _spencer_tracking_msgs_generate_messages_check_deps_TrackedPersons2d
[  0%] Built target _spencer_tracking_msgs_generate_messages_check_deps_TrackedGroups
[  0%] Built target _spencer_tracking_msgs_generate_messages_check_deps_ImmDebugInfo
[  0%] Built target _spencer_tracking_msgs_generate_messages_check_deps_ImmDebugInfos
[  0%] Built target geometry_msgs_generate_messages_eus
[  0%] Built target _spencer_tracking_msgs_generate_messages_check_deps_GetPersonTrajectories
[  0%] Built target geometry_msgs_generate_messages_nodejs
[  0%] Built target geometry_msgs_generate_messages_cpp
[  0%] Built target geometry_msgs_generate_messages_lisp
[  0%] Built target nav_msgs_generate_messages_eus
[  0%] Built target _pedsim_msgs_generate_messages_check_deps_Waypoints
[  0%] Built target sensor_msgs_generate_messages_eus
[  0%] Built target _pedsim_msgs_generate_messages_check_deps_AgentForce
[  0%] Built target _pedsim_msgs_generate_messages_check_deps_AgentStates
[  0%] Built target _pedsim_msgs_generate_messages_check_deps_AgentState
[  0%] Built target _pedsim_msgs_generate_messages_check_deps_LineObstacle
[  0%] Built target _pedsim_msgs_generate_messages_check_deps_Waypoint
[  0%] Built target _pedsim_msgs_generate_messages_check_deps_AgentGroup
[  0%] Built target _pedsim_msgs_generate_messages_check_deps_TrackedPersons
[  0%] Built target _pedsim_msgs_generate_messages_check_deps_TrackedPerson
[  0%] Built target _pedsim_msgs_generate_messages_check_deps_TrackedGroup
[  0%] Built target _pedsim_msgs_generate_messages_check_deps_LineObstacles
[  0%] Built target _pedsim_msgs_generate_messages_check_deps_TrackedGroups
[  0%] Built target _pedsim_msgs_generate_messages_check_deps_SocialRelation
[  0%] Built target _pedsim_msgs_generate_messages_check_deps_SocialActivities
[  0%] Built target _pedsim_msgs_generate_messages_check_deps_SocialRelations
[  0%] Built target _pedsim_msgs_generate_messages_check_deps_AgentGroups
[  0%] Built target nav_msgs_generate_messages_py
[  0%] Built target sensor_msgs_generate_messages_py
[  0%] Built target _pedsim_msgs_generate_messages_check_deps_SocialActivity
[  0%] Built target nav_msgs_generate_messages_cpp
[  0%] Built target sensor_msgs_generate_messages_cpp
[  0%] Built target nav_msgs_generate_messages_nodejs
[  0%] Built target sensor_msgs_generate_messages_nodejs
[  0%] Built target nav_msgs_generate_messages_lisp
[  0%] Built target sensor_msgs_generate_messages_lisp
[  0%] Built target _spencer_social_relation_msgs_generate_messages_check_deps_SocialRelation
[  0%] Built target _spencer_social_relation_msgs_generate_messages_check_deps_SocialRelations
[  0%] Built target _spencer_social_relation_msgs_generate_messages_check_deps_SocialActivity
[  0%] Built target _spencer_social_relation_msgs_generate_messages_check_deps_SocialActivities
[  0%] Built target _spencer_vision_msgs_generate_messages_check_deps_PersonImage
[  0%] Built target _spencer_vision_msgs_generate_messages_check_deps_PersonROIs
[  0%] Built target _spencer_vision_msgs_generate_messages_check_deps_PersonImages
[  0%] Built target _spencer_vision_msgs_generate_messages_check_deps_PersonROI
[  0%] Built target visualization_msgs_generate_messages_cpp
[  0%] Built target roscpp_generate_messages_cpp
[  0%] Built target rosgraph_msgs_generate_messages_nodejs
[  0%] Built target roscpp_generate_messages_eus
[  0%] Built target roscpp_generate_messages_nodejs
[  0%] Built target roscpp_generate_messages_py
[  0%] Built target rosgraph_msgs_generate_messages_eus
[  0%] Built target rosgraph_msgs_generate_messages_cpp
[  0%] Built target rosgraph_msgs_generate_messages_lisp
[  0%] Built target roscpp_generate_messages_lisp
[  0%] Built target rosgraph_msgs_generate_messages_py
[  0%] Built target actionlib_generate_messages_py
[  0%] Built target actionlib_generate_messages_nodejs
[  0%] Built target actionlib_msgs_generate_messages_lisp
[  0%] Built target actionlib_msgs_generate_messages_cpp
[  0%] Built target actionlib_msgs_generate_messages_eus
[  0%] Built target actionlib_msgs_generate_messages_nodejs
[  0%] Built target actionlib_msgs_generate_messages_py
[  0%] Built target actionlib_generate_messages_lisp
[  0%] Built target actionlib_generate_messages_cpp
[  0%] Built target actionlib_generate_messages_eus
[  0%] Built target visualization_msgs_generate_messages_py
[  0%] Built target visualization_msgs_generate_messages_nodejs
[  0%] Built target visualization_msgs_generate_messages_lisp
[  0%] Built target costmap_2d_generate_messages_cpp
[  0%] Built target dynamic_reconfigure_generate_messages_nodejs
[  0%] Built target costmap_2d_generate_messages_py
[  0%] Built target dynamic_reconfigure_generate_messages_py
[  0%] Built target costmap_2d_generate_messages_eus
[  0%] Built target dynamic_reconfigure_generate_messages_cpp
[  0%] Built target tf_generate_messages_lisp
[  0%] Built target costmap_2d_generate_messages_nodejs
[  0%] Built target tf2_msgs_generate_messages_lisp
[  0%] Built target tf_generate_messages_cpp
[  0%] Built target map_msgs_generate_messages_cpp
[  0%] Built target dynamic_reconfigure_generate_messages_eus
[  0%] Built target dynamic_reconfigure_gencfg
[  0%] Built target dynamic_reconfigure_generate_messages_lisp
[  0%] Built target map_msgs_generate_messages_lisp
[  0%] Built target map_msgs_generate_messages_nodejs
[  0%] Built target costmap_2d_gencfg
[  0%] Built target map_msgs_generate_messages_py
[  0%] Built target costmap_2d_generate_messages_lisp
[  0%] Built target tf2_msgs_generate_messages_cpp
[  0%] Built target tf_generate_messages_eus
[  0%] Built target tf_generate_messages_py
[  0%] Built target tf_generate_messages_nodejs
[  0%] Built target tf2_msgs_generate_messages_py
[  0%] Built target visualization_msgs_generate_messages_eus
[  0%] Built target tf2_msgs_generate_messages_eus
[  0%] Built target tf2_msgs_generate_messages_nodejs
[  0%] Built target map_msgs_generate_messages_eus
[  0%] Built target _catkin_empty_exported_target
[  0%] Built target trajectory_msgs_generate_messages_cpp
[  0%] Built target _gazebo_sfm_plugin_generate_messages_check_deps_ped_state
[  0%] Built target gazebo_msgs_generate_messages_eus
[  0%] Built target std_srvs_generate_messages_nodejs
[  0%] Built target gazebo_msgs_generate_messages_cpp
[  0%] Built target std_srvs_generate_messages_py
[  0%] Built target gazebo_msgs_generate_messages_lisp
[  0%] Built target gazebo_msgs_generate_messages_nodejs
[  0%] Built target trajectory_msgs_generate_messages_eus
[  0%] Built target trajectory_msgs_generate_messages_nodejs
[  0%] Built target std_srvs_generate_messages_lisp
[  0%] Built target std_srvs_generate_messages_eus
[  0%] Built target gazebo_msgs_generate_messages_py
[  0%] Built target std_srvs_generate_messages_cpp
[  0%] Built target gazebo_ros_gencfg
[  0%] Built target trajectory_msgs_generate_messages_lisp
[  0%] Built target trajectory_msgs_generate_messages_py
[  0%] Built target rviz_generate_messages_cpp
[  0%] Built target rviz_generate_messages_eus
[  0%] Built target rviz_generate_messages_nodejs
[  0%] Built target rviz_generate_messages_py
[  0%] Built target rviz_generate_messages_lisp
[  0%] Built target dwa_controller_gencfg
[  0%] Built target base_local_planner_generate_messages_cpp
[  0%] Built target base_local_planner_generate_messages_eus
[  0%] Built target base_local_planner_generate_messages_lisp
[  0%] Built target base_local_planner_generate_messages_nodejs
[  0%] Built target base_local_planner_generate_messages_py
[  0%] Built target base_local_planner_gencfg
[  1%] Built target RVO
[  2%] Built target voronoi_layer
[  2%] Built target spencer_control_msgs_generate_messages_nodejs
[  3%] Built target spencer_control_msgs_generate_messages_py
[  3%] Built target spencer_control_msgs_generate_messages_cpp
[  3%] Built target spencer_control_msgs_generate_messages_lisp
[  4%] Built target spencer_control_msgs_generate_messages_eus
[  5%] Built target spencer_human_attribute_msgs_generate_messages_py
[  6%] Built target spencer_human_attribute_msgs_generate_messages_lisp
[  7%] Built target spencer_human_attribute_msgs_generate_messages_eus
[  8%] Built target spencer_human_attribute_msgs_generate_messages_cpp
[  8%] Built target spencer_human_attribute_msgs_generate_messages_nodejs
[ 12%] Built target spencer_tracking_msgs_generate_messages_py
[ 16%] Built target spencer_tracking_msgs_generate_messages_eus
[ 20%] Built target spencer_tracking_msgs_generate_messages_nodejs
[ 24%] Built target spencer_tracking_msgs_generate_messages_cpp
[ 27%] Built target spencer_tracking_msgs_generate_messages_lisp
[ 32%] Built target pedsim_msgs_generate_messages_eus
[ 37%] Built target pedsim_msgs_generate_messages_py
[ 41%] Built target pedsim_msgs_generate_messages_cpp
[ 45%] Built target pedsim_msgs_generate_messages_nodejs
[ 50%] Built target pedsim_msgs_generate_messages_lisp
[ 51%] Built target spencer_social_relation_msgs_generate_messages_lisp
[ 52%] Built target spencer_social_relation_msgs_generate_messages_py
[ 53%] Built target spencer_social_relation_msgs_generate_messages_cpp
[ 54%] Built target spencer_social_relation_msgs_generate_messages_nodejs
[ 56%] Built target spencer_social_relation_msgs_generate_messages_eus
[ 57%] Built target spencer_vision_msgs_generate_messages_lisp
[ 58%] Built target spencer_vision_msgs_generate_messages_nodejs
[ 60%] Built target spencer_vision_msgs_generate_messages_py
[ 61%] Built target spencer_vision_msgs_generate_messages_cpp
[ 62%] Built target spencer_vision_msgs_generate_messages_eus
[ 62%] Built target gazebo_sfm_plugin_generate_messages_cpp
[ 65%] Built target common
[ 66%] Built target gazebo_sfm_plugin_generate_messages_py
[ 67%] Built target gazebo_sfm_plugin_generate_messages_eus
[ 67%] Built target gazebo_sfm_plugin_generate_messages_lisp
[ 67%] Built target gazebo_sfm_plugin_generate_messages_nodejs
[ 68%] Built target dwa_controller
[ 75%] Built target spencer_tracking_rviz_plugin
[ 75%] Built target spencer_control_msgs_generate_messages
[ 75%] Built target spencer_tracking_msgs_generate_messages
[ 75%] Built target spencer_human_attribute_msgs_generate_messages
[ 75%] Built target spencer_social_relation_msgs_generate_messages
[ 75%] Built target pedsim_msgs_generate_messages
[ 75%] Built target spencer_vision_msgs_generate_messages
[ 87%] Built target system_config
[ 87%] Built target gazebo_sfm_plugin_generate_messages
[ 87%] Built target PedestrianSFMPlugin
[ 88%] Built target controller
[ 95%] Built target path_planner
[ 96%] Built target PedestrianVisualPlugin
[ 97%] Built target apf_controller
[ 97%] Built target lqr_controller
[ 98%] Built target mpc_controller
[ 98%] Built target orca_controller
[100%] Built target pid_controller
[100%] Built target rpp_controller
[100%] Built target static_controller
Base path: /project
Source space: /project/src
Build space: /project/build
Devel space: /project/devel
Install space: /project/install
####
#### Running command: "make cmake_check_build_system" in "/project/build"
####
####
#### Running command: "make -j2" in "/project/build"
####
